Distance between 1 and 2: -1
Distance between 2 and 3: 1
Distance between 4 and 6: 1
Distance between 7 and 12: 3
