Distance between 1 and 1: 0
Distance between 1 and 2: -1
