Distance between 1 and 2: 1
Distance between 1 and 9: 8
Distance between 1 and 10: 9
