Distance between 1 and 1: 0
Distance between 1 and 2: 1
Distance between 1 and 3: 1
Distance between 1 and 4: 1
Distance between 1 and 5: 1
